// Jest Snapshot v1, https://goo.gl/fbAQLP

exports[`Storyshots TypeScript and Storybook Sample Widget 1`] = `
<div>
  <div
    style={Object {}}
  >
    <div>
      <h1>
        Hello 
        Owen
      </h1>
    </div>
  </div>
  <div>
    <div
      style={
        Object {
          "WebkitFontSmoothing": "antialiased",
          "backgroundColor": "#fff",
          "border": "1px solid #eee",
          "borderRadius": "2px",
          "color": "#444",
          "fontFamily": "-apple-system, \\".SFNSText-Regular\\", \\"San Francisco\\", BlinkMacSystemFont, \\"Segoe UI\\", \\"Roboto\\", \\"Oxygen\\", \\"Ubuntu\\", \\"Cantarell\\", \\"Fira Sans\\", \\"Droid Sans\\", \\"Helvetica Neue\\", \\"Lucida Grande\\", \\"Arial\\", sans-serif",
          "fontSize": "15px",
          "fontWeight": 300,
          "lineHeight": 1.45,
          "marginBottom": "20px",
          "marginTop": "20px",
          "padding": "20px 40px 40px",
        }
      }
    >
      
      <div>
        <h1
          style={
            Object {
              "borderBottom": "1px solid #EEE",
              "fontSize": "25px",
              "margin": "20px 0 0 0",
              "padding": "0 0 5px 0",
            }
          }
        >
          Story Source
        </h1>
        <pre
          className="css-r8d96o eyvlbql0"
        >
          <div>
            <div
              style={
                Object {
                  "paddingLeft": 18,
                  "paddingRight": 3,
                }
              }
            >
              <span
                style={
                  Object {
                    "color": "#444",
                  }
                }
              >
                &lt;
                SampleWidget
              </span>
              <span>
                <span>
                   
                  <span
                    style={Object {}}
                  >
                    name
                  </span>
                  <span>
                    =
                    <span
                      style={Object {}}
                    >
                      "
                      <span
                        style={
                          Object {
                            "color": "#22a",
                            "wordBreak": "break-word",
                          }
                        }
                      >
                        Owen
                      </span>
                      "
                    </span>
                  </span>
                   
                </span>
              </span>
              <span
                style={
                  Object {
                    "color": "#444",
                  }
                }
              >
                /&gt;
              </span>
            </div>
          </div>
          <button
            className="css-1naocv3 eva467m0"
            onClick={[Function]}
          >
            <div
              className="css-lvl6aa eva467m1"
            >
              <div
                style={
                  Object {
                    "marginBottom": 6,
                  }
                }
              >
                Copied!
              </div>
              <div>
                Copy
              </div>
            </div>
          </button>
        </pre>
      </div>
      <div>
        <h1
          style={
            Object {
              "borderBottom": "1px solid #EEE",
              "fontSize": "25px",
              "margin": "20px 0 0 0",
              "padding": "0 0 5px 0",
            }
          }
        >
          Prop Types
        </h1>
        <div>
          <h2
            style={
              Object {
                "margin": "20px 0 0 0",
              }
            }
          >
            "
            SampleWidget
            " Component
          </h2>
          <small>
            No propTypes defined!
          </small>
        </div>
      </div>
    </div>
  </div>
</div>
`;
